<!DOCTYPE html>
<html lang="en">
<head>
	<meta charset="UTF-8">
	<title>Golden</title>
	<link rel="stylesheet" href="css/main.css">
</head>
<body>
	<header>
		<div class="container">
			<div class="heading clearfix">
				<img src="img/logo.png" alt="" class="logo">
			<nav>
				<ul class="menu">
					<li>
						<a href="#">Home</a>
					</li>
					<li>
						<a href="#">Services</a>
					</li>
					<li>
						<a href="#">Portfolio</a>
					</li>
					<li>
						<a href="#">About</a>
					</li>
					<li>
						<a href="#">Contact</a>
					</li>
				</ul>
			</nav>
			</div>
			<div class="titles">
				<div class="titles__first">
					Welcome To Our Studio!
				</div>
				<h1>
					It's nice to Meet you
				</h1>
			</div>
			<a class="button" href="#">Tell Me More</a>
		</div>
	</header>
	<section id="services">
		<div class="container">
			<div class="title">
				<h2>
					Services
				</h2>
				<p>
					Proin iaculis purus consequat sem cure.
				</p>
			</div>
			<div class="services">
				<div class="services__item">
					<img src="img/icon1.png" alt="Услуга">
					<h3>E-Commerce</h3>
					<p>Lorem ipsum dolor sit amet, consectetur adipisicing elit. Nemo voluptas quos animi ratione repudiandae.</p>
				</div>
				<div class="services__item">
					<img src="img/icon2.png" alt="Услуга">
					<h3>Responsive Web</h3>
					<p>Lorem ipsum dolor sit amet, consectetur adipisicing elit. Nemo voluptas quos animi ratione repudiandae.</p>
				</div>
				<div class="services__item">
					<img src="img/icon3.png" alt="Услуга">
					<h3>Web Security</h3>
					<p>Lorem ipsum dolor sit amet, consectetur adipisicing elit. Nemo voluptas quos animi ratione repudiandae.</p>
				</div>
			</div>
			
		</div>
	</section>
	<section id="portfolio">
		<div class="container">
			<div class="title">
				<h2>
					Our Portfolio
				</h2>
				<p>
					Proin iaculis purus consequat sem cure.
				</p>
			</div>
			<div class="works clearfix">
				<img src="img/img1.jpg" alt="Работа">
				<img src="img/img2.jpg" alt="Работа">
				<img src="img/img3.jpg" alt="Работа">
			</div>
		</div>
	</section>
	<section>
		<div class="container">
			<div class="title">
				<h2>
					About Us
				</h2>
				<p>
					Proin iaculis purus consequat sem cure.
				</p>
			</div>
			<div class="info clearfix">
				<div class="img">
					<img class="about" src="img/about1.jpg" alt="Про нас">

				<div class="info__left">
					<div class="class__text">
						<h3>
							July 2010 <br>
							Our Humble Beginnings
						</h3>
							<p>
							Lorem ipsum dolor sit amet, consectetur adipisicing elit. Dolore amet, natus corporis voluptates consectetur adipisicing elit. Dolore amet, natus corporis voluptates natus corporis voluptates.
							</p>
						</div>
					</div>
				</div>
			<div class="img">
				<img class="about1" src="img/about2.jpg" alt="Про нас">

				<div class="info__right">
					<div class="class__text">
						<h3>
							JANUARY 2011 <br>
							Facing Startup Battles
						</h3>
							<p>
							Lorem ipsum dolor sit amet, consectetur adipisicing elit. Dolore amet, natus corporis voluptates consectetur adipisicing elit. Dolore amet, natus corporis voluptates natus corporis voluptates.
							</p>
						</div>
					</div>
				</div>
				<div class="img">
					<img class="about" src="img/about3.jpg" alt="Про нас">

				<div class="info__left">
					<div class="class__text">
						<h3>
							DECEMBER 2012 <br>
							Enter The Dark Days
						</h3>
							<p>
							Lorem ipsum dolor sit amet, consectetur adipisicing elit. Dolore amet, natus corporis voluptates consectetur adipisicing elit. Dolore amet, natus corporis voluptates natus corporis voluptates.
							</p>
						</div>
					</div>
				</div>
			<div class="img">
					<img class="about1" src="img/about4.jpg" alt="Про нас">

				<div class="info__right">
					<div class="class__text">
						<h3>
							FEBRUARY 2014 <br>
							Our Triumph
						</h3>
							<p>
							Lorem ipsum dolor sit amet, consectetur adipisicing elit. Dolore amet, natus corporis voluptates consectetur adipisicing elit. Dolore amet, natus corporis voluptates natus corporis voluptates.
							</p>
						</div>
					</div>
				</div>
		</div>
	</section>
	<footer>
		<div class="container">
			<div class="footer">
				@Copyright 2019 NothingInteresting.com
			</div>
			
		</div>
	</footer>




<script>document.write('<script src="http://' + (location.host || 'localhost').split(':')[0] + ':35729/livereload.js?snipver=1"></' + 'script>')</script>

</body>
</html>